PyTorch conda environment for use with DeltaAI (CUDA 12.9)

Includes: jupyter, jupyterlab, matplotlib, pandas, scipy,
          scikit-learn, nvitop, mpi4py, tensorboard, wandb

Quick start (on compute node):
  module load python/miniforge3_pytorch/2.10.0
  conda activate base
  python -c "import torch; print(torch.cuda.is_available())"

For Jupyter notebook support (Open OnDemand):
  setup-kernel

Job 2876107 on gh052.hsn.cm.delta.internal.ncsa.edu
Tue Aug  4 22:51:05 2026       
+-----------------------------------------------------------------------------------------+
| NVIDIA-SMI 595.71.05              Driver Version: 595.71.05      CUDA Version: 13.2     |
+-----------------------------------------+------------------------+----------------------+
| GPU  Name                 Persistence-M | Bus-Id          Disp.A | Volatile Uncorr. ECC |
| Fan  Temp   Perf          Pwr:Usage/Cap |           Memory-Usage | GPU-Util  Compute M. |
|                                         |                        |               MIG M. |
|=========================================+========================+======================|
|   0  NVIDIA GH200 120GB             On  |   00000009:01:00.0 Off |                    0 |
| N/A   18C    P0             88W /  900W |       0MiB /  97871MiB |      0%      Default |
|                                         |                        |             Disabled |
+-----------------------------------------+------------------------+----------------------+

+-----------------------------------------------------------------------------------------+
| Processes:                                                                              |
|  GPU   GI   CI              PID   Type   Process name                        GPU Memory |
|        ID   ID                                                               Usage      |
|=========================================================================================|
|  No running processes found                                                             |
+-----------------------------------------------------------------------------------------+
=== token_jac cities SKIPPED, token_jac_cities.npz exists Tue Aug  4 10:51:05 PM CDT 2026 ===
=== token_jac common_claim_true_false SKIPPED, token_jac_common_claim_true_false.npz exists Tue Aug  4 10:51:05 PM CDT 2026 ===
=== token_steer cities layer:16 certified, per-position Tue Aug  4 10:51:05 PM CDT 2026 ===
Loading checkpoint shards:   0%|          | 0/3 [00:00<?, ?it/s]Loading checkpoint shards:  33%|███▎      | 1/3 [00:00<00:00,  4.56it/s]Loading checkpoint shards:  67%|██████▋   | 2/3 [00:00<00:00,  3.24it/s]Loading checkpoint shards: 100%|██████████| 3/3 [00:00<00:00,  4.73it/s]
  stmt 0/200 done
  stmt 10/200 done
  stmt 20/200 done
  stmt 30/200 done
  stmt 40/200 done
  stmt 50/200 done
  stmt 60/200 done
  stmt 70/200 done
  stmt 80/200 done
  stmt 90/200 done
  stmt 100/200 done
  stmt 110/200 done
  stmt 120/200 done
  stmt 130/200 done
  stmt 140/200 done
  stmt 150/200 done
  stmt 160/200 done
  stmt 170/200 done
  stmt 180/200 done
  stmt 190/200 done

=== token_steer cities site=layer:16 positions=last rep_penalty=1.0 ===
                  hit_rate  frac_margin
direction  frac                        
jtw_legacy +0.00     0.000     0.000000
           +0.25     0.000     0.000730
           +0.50     0.000     0.001357
           +1.00     0.000     0.002486
           +2.00     0.000     0.004826
           -0.25     0.000    -0.000786
           -0.50     0.000    -0.001615
           -1.00     0.000    -0.003390
           -2.00     0.000    -0.007016
jtw_token  +0.00     0.000     0.000000
           +0.25     0.000     0.461832
           +0.50     0.045     0.716539
           +1.00     0.135     0.951994
           +2.00     0.285     1.133375
           -0.25     0.000    -0.705163
           -0.50     0.000    -1.447265
           -1.00     0.000    -2.570830
           -2.00     0.000    -3.291605
wrote token_steer_cities_layer16_last_rp1.csv
=== token_steer cities layer:16 certified, broadcast Tue Aug  4 11:09:25 PM CDT 2026 ===
Loading checkpoint shards:   0%|          | 0/3 [00:00<?, ?it/s]Loading checkpoint shards: 100%|██████████| 3/3 [00:00<00:00, 93.44it/s]
  stmt 0/200 done
  stmt 10/200 done
  stmt 20/200 done
  stmt 30/200 done
  stmt 40/200 done
  stmt 50/200 done
  stmt 60/200 done
  stmt 70/200 done
  stmt 80/200 done
  stmt 90/200 done
  stmt 100/200 done
  stmt 110/200 done
  stmt 120/200 done
  stmt 130/200 done
  stmt 140/200 done
  stmt 150/200 done
  stmt 160/200 done
  stmt 170/200 done
  stmt 180/200 done
  stmt 190/200 done

=== token_steer cities site=layer:16 positions=all rep_penalty=1.0 ===
                  hit_rate  frac_margin
direction  frac                        
jtw_legacy +0.00     0.000     0.000000
           +0.25     0.000     0.000626
           +0.50     0.000     0.000998
           +1.00     0.000     0.001709
           +2.00     0.000     0.002208
           -0.25     0.000    -0.000673
           -0.50     0.000    -0.001374
           -1.00     0.000    -0.002923
           -2.00     0.000    -0.006243
jtw_token  +0.00     0.000     0.000000
           +0.25     0.000     0.482661
           +0.50     0.050     0.781051
           +1.00     0.340     1.073510
           +2.00     0.675     1.278935
           -0.25     0.000    -0.685446
           -0.50     0.000    -1.416135
           -1.00     0.000    -2.551940
           -2.00     0.000    -3.463575
wrote token_steer_cities_layer16_all_rp1.csv
=== token_jac done Tue Aug  4 11:28:44 PM CDT 2026 ===
