PyTorch conda environment for use with DeltaAI (CUDA 12.9)

Includes: jupyter, jupyterlab, matplotlib, pandas, scipy,
          scikit-learn, nvitop, mpi4py, tensorboard, wandb

Quick start (on compute node):
  module load python/miniforge3_pytorch/2.10.0
  conda activate base
  python -c "import torch; print(torch.cuda.is_available())"

For Jupyter notebook support (Open OnDemand):
  setup-kernel

Job 2875997 on gh049.hsn.cm.delta.internal.ncsa.edu
Tue Aug  4 22:30:58 2026       
+-----------------------------------------------------------------------------------------+
| NVIDIA-SMI 595.71.05              Driver Version: 595.71.05      CUDA Version: 13.2     |
+-----------------------------------------+------------------------+----------------------+
| GPU  Name                 Persistence-M | Bus-Id          Disp.A | Volatile Uncorr. ECC |
| Fan  Temp   Perf          Pwr:Usage/Cap |           Memory-Usage | GPU-Util  Compute M. |
|                                         |                        |               MIG M. |
|=========================================+========================+======================|
|   0  NVIDIA GH200 120GB             On  |   00000029:01:00.0 Off |                    0 |
| N/A   20C    P0             92W /  900W |       0MiB /  97871MiB |      0%      Default |
|                                         |                        |             Disabled |
+-----------------------------------------+------------------------+----------------------+

+-----------------------------------------------------------------------------------------+
| Processes:                                                                              |
|  GPU   GI   CI              PID   Type   Process name                        GPU Memory |
|        ID   ID                                                               Usage      |
|=========================================================================================|
|  No running processes found                                                             |
+-----------------------------------------------------------------------------------------+
.....................................                                    [100%]
37 passed in 9.31s
=== token_sens cities postnorm Tue Aug  4 10:31:10 PM CDT 2026 ===
[sens] 40 statements x 13 directions x 4 budgets = 2080 forwards
Loading checkpoint shards:   0%|          | 0/3 [00:00<?, ?it/s]Loading checkpoint shards:  33%|███▎      | 1/3 [00:00<00:00,  4.52it/s]Loading checkpoint shards:  67%|██████▋   | 2/3 [00:05<00:03,  3.34s/it]Loading checkpoint shards: 100%|██████████| 3/3 [00:05<00:00,  1.93s/it]
  stmt 0/40 done
  stmt 5/40 done
  stmt 10/40 done
  stmt 15/40 done
  stmt 20/40 done
  stmt 25/40 done
  stmt 30/40 done
  stmt 35/40 done

=== token_sens site=postnorm ===
rows 2080  statements 40  directions 13  budgets [np.float64(0.01), np.float64(0.1), np.float64(1.0), np.float64(4.0)]

-- gain = ||dz|| / eps, by direction (median over statements) --
frac                      0.01       0.10       1.00       4.00
direction                                                      
a_unit                       1          1          1          1
md_full                      1          1          1          1
mean_diff_tgt_asis           1          1          1          1
oracle                       1          1          1          1
probe_grad_tgt_asis          1          1          1          1
random0                      1          1          1          1
random1                      1          1          1          1
random2                      1          1          1          1
random3                      1          1          1          1
random4                      1          1          1          1
random5                      1          1          1          1
random6                      1          1          1          1
random7                      1          1          1          1

-- claim 4: spread of gain ACROSS directions, at fixed budget --
  frac 0.01   p10          1  p90          1  spread p90/p10     1.00
  frac 0.1    p10          1  p90          1  spread p90/p10     1.00
  frac 1      p10          1  p90          1  spread p90/p10     1.00
  frac 4      p10          1  p90          1  spread p90/p10     1.00

-- chaos: same direction, gain at the largest budget / at the smallest --
  random2                    1.0000
  random4                    1.0000
  random5                    1.0000
  mean_diff_tgt_asis         1.0000
  md_full                    1.0000
  oracle                     1.0000
  random3                    1.0000
  random1                    1.0000
  random0                    1.0000
  probe_grad_tgt_asis        1.0000
  random6                    1.0000
  a_unit                     1.0000
  random7                    1.0000
  median scale-dependence 1.0000  (1.0 => exactly linear over a 400x budget range)

-- slope = dM / eps: readout movement bought per unit budget --
frac                      0.01       0.10       1.00       4.00
direction                                                      
a_unit                       1          1          1          1
md_full               0.003979    0.00398    0.00398    0.00398
mean_diff_tgt_asis     -0.0153    -0.0153    -0.0153    -0.0153
oracle                  0.9348     0.9348     0.9348     0.9348
probe_grad_tgt_asis    0.01238    0.01238    0.01238    0.01238
random0               -0.01883   -0.01884   -0.01884   -0.01884
random1               -0.03293   -0.03293   -0.03293   -0.03293
random2               0.001197   0.001197   0.001197   0.001197
random3                0.01617    0.01617    0.01617    0.01617
random4                -0.0199    -0.0199    -0.0199    -0.0199
random5                0.01623    0.01623    0.01623    0.01623
random6               0.006973   0.006974   0.006974   0.006974
random7               -0.02199   -0.02199   -0.02199   -0.02199

[assert] postnorm identity: max |gain-1| 1.32e-04, max |slope - a.u| 1.10e-04 (HARNESS OK)

wrote token_sens_cities_postnorm_all.csv
=== token_sens cities prenorm Tue Aug  4 10:35:52 PM CDT 2026 ===
[sens] 40 statements x 13 directions x 4 budgets = 2080 forwards
[sens] post-norm directions injected at a prenorm site are raw directions, not actuators for that site; `jtw` is the actuator
Loading checkpoint shards:   0%|          | 0/3 [00:00<?, ?it/s]Loading checkpoint shards: 100%|██████████| 3/3 [00:00<00:00, 98.64it/s]
  stmt 0/40 done
  stmt 5/40 done
  stmt 10/40 done
  stmt 15/40 done
  stmt 20/40 done
  stmt 25/40 done
  stmt 30/40 done
  stmt 35/40 done

=== token_sens site=prenorm ===
rows 2080  statements 40  directions 13  budgets [np.float64(0.01), np.float64(0.1), np.float64(1.0), np.float64(4.0)]

-- gain = ||dz|| / eps, by direction (median over statements) --
frac                      0.01       0.10       1.00       4.00
direction                                                      
a_unit                  0.2292     0.2292     0.2292     0.2293
md_full                 0.3005     0.3004     0.3003     0.2999
mean_diff_tgt_asis      0.2362     0.2362     0.2362     0.2361
oracle                   0.231      0.231      0.231     0.2311
probe_grad_tgt_asis      0.253      0.253     0.2529     0.2527
random0                 0.2478     0.2478     0.2477     0.2474
random1                 0.2465     0.2465     0.2465     0.2465
random2                 0.2439     0.2439      0.244     0.2441
random3                 0.2438     0.2438     0.2438     0.2436
random4                 0.2454     0.2453     0.2452     0.2447
random5                 0.2457     0.2457     0.2457     0.2457
random6                 0.2447     0.2447     0.2447     0.2446
random7                 0.2456     0.2456     0.2455     0.2452

-- claim 4: spread of gain ACROSS directions, at fixed budget --
  frac 0.01   p10      0.232  p90      0.252  spread p90/p10     1.09
  frac 0.1    p10      0.232  p90     0.2519  spread p90/p10     1.09
  frac 1      p10      0.232  p90     0.2519  spread p90/p10     1.09
  frac 4      p10     0.2321  p90     0.2516  spread p90/p10     1.08

-- chaos: same direction, gain at the largest budget / at the smallest --
  random4                    0.9973
  md_full                    0.9983
  random7                    0.9984
  probe_grad_tgt_asis        0.9986
  random0                    0.9986
  random3                    0.9990
  random6                    0.9998
  mean_diff_tgt_asis         0.9999
  random1                    0.9999
  random5                    1.0000
  oracle                     1.0005
  a_unit                     1.0007
  random2                    1.0008
  median scale-dependence 0.9998  (1.0 => exactly linear over a 400x budget range)

-- slope = dM / eps: readout movement bought per unit budget --
frac                      0.01       0.10       1.00       4.00
direction                                                      
a_unit                  0.2209     0.2209      0.221     0.2214
md_full              0.0006111   0.000606  0.0006153  0.0006472
mean_diff_tgt_asis   -0.001143   -0.00114  -0.001122  -0.001063
oracle                  0.2121     0.2121     0.2123     0.2126
probe_grad_tgt_asis   0.003148   0.003145   0.003167   0.003236
random0              -0.002718  -0.002714  -0.002691  -0.002575
random1              -0.007499  -0.007503  -0.007479  -0.007396
random2             -0.0002436 -0.0002435 -0.0002199 -0.0001511
random3               0.003797   0.003799   0.003833    0.00403
random4              -0.004232  -0.004227   -0.00418  -0.004123
random5               0.002791     0.0028    0.00285   0.003013
random6               0.001535   0.001549   0.001571   0.001642
random7              -0.002375  -0.002374   -0.00236  -0.002314

wrote token_sens_cities_prenorm_all.csv
=== token_sens cities layer:16 Tue Aug  4 10:37:25 PM CDT 2026 ===
[sens] 40 statements x 14 directions x 4 budgets = 2240 forwards
[sens] post-norm directions injected at a layer:16 site are raw directions, not actuators for that site; `jtw` is the actuator
Loading checkpoint shards:   0%|          | 0/3 [00:00<?, ?it/s]Loading checkpoint shards: 100%|██████████| 3/3 [00:00<00:00, 96.33it/s]
  stmt 0/40 done
  stmt 5/40 done
  stmt 10/40 done
  stmt 15/40 done
  stmt 20/40 done
[2026-08-04T22:38:28.843] error: *** JOB 2875997 ON gh049 CANCELLED AT 2026-08-04T22:38:28 DUE to SIGNAL Terminated ***
