PyTorch conda environment for use with DeltaAI (CUDA 12.9)

Includes: jupyter, jupyterlab, matplotlib, pandas, scipy,
          scikit-learn, nvitop, mpi4py, tensorboard, wandb

Quick start (on compute node):
  module load python/miniforge3_pytorch/2.10.0
  conda activate base
  python -c "import torch; print(torch.cuda.is_available())"

For Jupyter notebook support (Open OnDemand):
  setup-kernel

Job 2875988 on gh008.hsn.cm.delta.internal.ncsa.edu
Tue Aug  4 22:30:57 2026       
+-----------------------------------------------------------------------------------------+
| NVIDIA-SMI 595.71.05              Driver Version: 595.71.05      CUDA Version: 13.2     |
+-----------------------------------------+------------------------+----------------------+
| GPU  Name                 Persistence-M | Bus-Id          Disp.A | Volatile Uncorr. ECC |
| Fan  Temp   Perf          Pwr:Usage/Cap |           Memory-Usage | GPU-Util  Compute M. |
|                                         |                        |               MIG M. |
|=========================================+========================+======================|
|   0  NVIDIA GH200 120GB             On  |   00000009:01:00.0 Off |                    0 |
| N/A   21C    P0             97W /  900W |       0MiB /  97871MiB |      0%      Default |
|                                         |                        |             Disabled |
+-----------------------------------------+------------------------+----------------------+

+-----------------------------------------------------------------------------------------+
| Processes:                                                                              |
|  GPU   GI   CI              PID   Type   Process name                        GPU Memory |
|        ID   ID                                                               Usage      |
|=========================================================================================|
|  No running processes found                                                             |
+-----------------------------------------------------------------------------------------+
=== token_jac cities Tue Aug  4 10:30:57 PM CDT 2026 ===
Loading checkpoint shards:   0%|          | 0/3 [00:00<?, ?it/s]Loading checkpoint shards:  33%|███▎      | 1/3 [00:00<00:00,  5.01it/s]Loading checkpoint shards:  67%|██████▋   | 2/3 [00:00<00:00,  2.21it/s]Loading checkpoint shards: 100%|██████████| 3/3 [00:00<00:00,  3.46it/s]
[jac] 200 stems x 26 layers on cuda
  jac batch 0-8 done
  jac batch 8-16 done
  jac batch 16-24 done
  jac batch 24-32 done
  jac batch 32-40 done
  jac batch 40-48 done
  jac batch 48-56 done
  jac batch 56-64 done
  jac batch 64-72 done
  jac batch 72-80 done
  jac batch 80-88 done
  jac batch 88-96 done
  jac batch 96-104 done
  jac batch 104-112 done
  jac batch 112-120 done
  jac batch 120-128 done
  jac batch 128-136 done
  jac batch 136-144 done
  jac batch 144-152 done
  jac batch 152-160 done
  jac batch 160-168 done
  jac batch 168-176 done
  jac batch 176-184 done
  jac batch 184-192 done
  jac batch 192-200 done

=== token_jac cities ===
 layer  m_all_median  m_last_median  broadcast_gain  eps_all_median  eps_last_median  eps_all_p10  eps_all_p90   n
     0      1.527861       0.385623        3.744271        8.727482        33.929010     4.085107    15.406890 200
     1      1.390263       0.376992        3.406402        9.651938        34.705054     4.764264    16.687612 200
     2      1.167235       0.383536        2.701346       11.926961        34.776646     5.689083    19.795747 200
     3      1.126219       0.410126        2.472623       11.912291        33.450635     5.764067    19.842147 200
     4      0.934119       0.389563        2.167315       14.750727        34.580232     7.350356    23.482592 200
     5      0.821084       0.405408        1.896088       17.307677        33.807736     8.861600    25.879746 200
     6      0.780496       0.400358        1.898536       18.137131        33.925458     9.366043    26.624596 200
     7      0.787864       0.398307        1.981393       17.514960        34.961941     9.279899    26.237739 200
     8      0.651356       0.386209        1.719786       21.437441        36.214855    11.723725    30.762531 200
     9      0.645635       0.380975        1.734870       21.700779        36.754001    11.548905    31.101569 200
    10      0.617846       0.375966        1.690545       22.849676        37.821123    12.915839    31.758423 200
    11      0.616939       0.370369        1.691910       23.109508        38.954582    13.098213    32.094392 200
    12      0.597982       0.369662        1.628699       23.973207        38.836793    13.705850    32.555302 200
    13      0.615484       0.377099        1.627910       23.208104        37.641805    13.754541    31.815105 200
    14      0.588755       0.382472        1.541970       23.999435        36.861009    14.538509    32.855921 200
    15      0.597111       0.394360        1.509032       23.568538        35.713252    15.064578    31.301473 200
    16      0.606481       0.439332        1.355212       22.997435        31.496212    14.871698    31.236614 200
    17      0.554740       0.428089        1.281708       24.977932        32.041661    15.977231    34.244560 200
    18      0.544640       0.427257        1.276665       25.292652        32.655904    16.363461    34.435880 200
    19      0.508673       0.427601        1.182379       26.776783        31.912711    17.234447    36.372280 200
    20      0.462589       0.400000        1.154785       29.652659        34.616514    19.213454    39.071853 200
    21      0.404484       0.364791        1.108988       33.982048        37.821363    22.114467    44.590887 200
    22      0.352300       0.313789        1.087497       39.071486        43.070487    25.684718    53.255257 200
    23      0.270942       0.254830        1.058046       49.823055        53.798116    34.079683    69.245425 200
    24      0.230629       0.217259        1.051478       58.998045        64.249771    39.091805    81.203572 200
    25      0.207971       0.196483        1.039117       67.241126        71.350042    42.260907    89.738760 200

cheapest layer (broadcast injection)      : 0  eps*=8.7275
cheapest layer (last-position injection)  : 16  eps*=31.4962
median broadcast gain across layers       : 1.63x
optimal POST-NORM budget for the same flip: 6.3687  (token_geom delta_cone)
wrote token_jac_cities.csv and .npz
=== token_jac common_claim_true_false Tue Aug  4 10:36:03 PM CDT 2026 ===
Loading checkpoint shards:   0%|          | 0/3 [00:00<?, ?it/s]Loading checkpoint shards: 100%|██████████| 3/3 [00:00<00:00, 75.51it/s]
[jac] 200 stems x 26 layers on cuda
  jac batch 0-8 done
  jac batch 8-16 done
  jac batch 16-24 done
  jac batch 24-32 done
  jac batch 32-40 done
  jac batch 40-48 done
  jac batch 48-56 done
  jac batch 56-64 done
  jac batch 64-72 done
  jac batch 72-80 done
  jac batch 80-88 done
  jac batch 88-96 done
  jac batch 96-104 done
  jac batch 104-112 done
  jac batch 112-120 done
  jac batch 120-128 done
  jac batch 128-136 done
  jac batch 136-144 done
  jac batch 144-152 done
  jac batch 152-160 done
  jac batch 160-168 done
  jac batch 168-176 done
  jac batch 176-184 done
  jac batch 184-192 done
  jac batch 192-200 done

=== token_jac common_claim_true_false ===
 layer  m_all_median  m_last_median  broadcast_gain  eps_all_median  eps_last_median  eps_all_p10  eps_all_p90   n
     0      1.106193       0.302597        3.269544        2.920948        10.693367     0.255740    11.376748 200
     1      0.930374       0.287237        3.088313        3.466487        11.069976     0.293562    12.775974 200
     2      0.749049       0.293126        2.582080        4.189033        11.398165     0.370327    14.977604 200
     3      0.780876       0.296758        2.585220        4.227154        12.023007     0.362612    14.907496 200
     4      0.786236       0.300052        2.565034        4.046923        11.612965     0.374341    14.767685 200
     5      0.787419       0.314404        2.427583        4.108735        11.438684     0.376341    14.576314 200
     6      0.773610       0.318103        2.331525        4.211455        11.168164     0.378262    14.859451 200
     7      0.832775       0.324636        2.527368        3.932790        10.806578     0.335913    14.190196 200
     8      0.675913       0.315357        2.015871        4.596021        10.424774     0.389900    16.646172 200
     9      0.666803       0.309003        2.050532        4.543266        10.679039     0.414891    16.546285 200
    10      0.608865       0.293519        1.971003        5.073913        11.140801     0.473752    17.831824 200
    11      0.580998       0.290429        1.996799        5.095384        11.509841     0.469006    18.286024 200
    12      0.555089       0.283409        1.926274        5.584298        11.415455     0.489290    19.040727 200
    13      0.579701       0.287614        1.915780        5.340748        11.196309     0.487246    18.321671 200
    14      0.509292       0.278924        1.738236        6.188166        11.297215     0.542476    21.286962 200
    15      0.514210       0.280156        1.726478        6.426376        11.286542     0.543474    20.874948 200
    16      0.497922       0.306595        1.547619        6.595269        10.757646     0.591036    21.031517 200
    17      0.423610       0.289489        1.407525        7.608687        11.109654     0.692076    23.779283 200
    18      0.409023       0.293807        1.368071        8.078646        11.468735     0.746956    25.059448 200
    19      0.363702       0.278537        1.296481        9.165905        12.085638     0.882984    27.213063 200
    20      0.324960       0.258417        1.231104        9.984240        12.749990     1.003225    28.899620 200
    21      0.299329       0.236474        1.222517       11.199579        14.255195     1.083955    30.828557 200
    22      0.259105       0.208884        1.190643       13.339897        16.016510     1.350116    36.033793 200
    23      0.224807       0.189805        1.168663       15.638617        18.586454     1.580988    41.152028 200
    24      0.200715       0.171138        1.125123       17.650876        20.252669     1.776519    47.507626 200
    25      0.180893       0.167306        1.060536       19.926912        21.045408     1.879085    51.055378 200

cheapest layer (broadcast injection)      : 0  eps*=2.9209
cheapest layer (last-position injection)  : 8  eps*=10.4248
median broadcast gain across layers       : 1.92x
optimal POST-NORM budget for the same flip: 1.7382  (token_geom delta_cone)
wrote token_jac_common_claim_true_false.csv and .npz
=== token_steer cities layer:16 certified Tue Aug  4 10:36:18 PM CDT 2026 ===
Loading checkpoint shards:   0%|          | 0/3 [00:00<?, ?it/s]Loading checkpoint shards: 100%|██████████| 3/3 [00:00<00:00, 72.16it/s]
  stmt 0/200 done
  stmt 10/200 done
[2026-08-04T22:38:28.844] error: *** JOB 2875988 ON gh008 CANCELLED AT 2026-08-04T22:38:28 DUE to SIGNAL Terminated ***
